// Jest Snapshot v1, https://goo.gl/fbAQLP

exports[`should render Subscriptions 1`] = `
<div
  className="ui menu"
>
  <Component />
</div>
`;
