// Jest Snapshot v1, https://goo.gl/fbAQLP

exports[`Renders App component 1`] = `
<div>
  <AppLayout>
    <Home />
  </AppLayout>
</div>
`;
